#-----------------------------------------------------------
# Vivado v2020.2 (64-bit)
# SW Build 3064766 on Wed Nov 18 09:12:47 MST 2020
# IP Build 3064653 on Wed Nov 18 14:17:31 MST 2020
# Start of session at: Wed Apr 20 16:19:26 2022
# Process ID: 6575
# Current directory: /nfs/nfs7/home/zegraber/Documents/CPS-Digital-Design/Project9/P9_SPI
# Command line: vivado vivado/vivado.xpr
# Log file: /nfs/nfs7/home/zegraber/Documents/CPS-Digital-Design/Project9/P9_SPI/vivado.log
# Journal file: /nfs/nfs7/home/zegraber/Documents/CPS-Digital-Design/Project9/P9_SPI/vivado.jou
#-----------------------------------------------------------
start_gui
open_project vivado/vivado.xpr
update_compile_order -fileset sources_1
launch_simulation -simset [get_filesets sim_ctrlr ]
launch_simulation -simset [get_filesets sim_ctrlr ]
reset_simulation -simset sim_ctrlr -mode behavioral
launch_simulation -simset [get_filesets sim_ctrlr ]
source ctrlr_tb.tcl
close_sim
launch_simulation -simset [get_filesets sim_ctrlr ]
source ctrlr_tb.tcl
close_sim
launch_simulation -simset [get_filesets sim_ctrlr ]
source ctrlr_tb.tcl
close_sim
launch_simulation -simset [get_filesets sim_ctrlr ]
source ctrlr_tb.tcl
close_sim
launch_simulation -simset [get_filesets sim_ctrlr ]
source ctrlr_tb.tcl
close_sim
launch_simulation -simset [get_filesets sim_ctrlr ]
source ctrlr_tb.tcl
close_sim
launch_simulation -simset [get_filesets sim_ctrlr ]
source ctrlr_tb.tcl
close_sim
launch_simulation -simset [get_filesets sim_ctrlr ]
source ctrlr_tb.tcl
close_sim
launch_simulation -simset [get_filesets sim_ctrlr ]
source ctrlr_tb.tcl
close_sim
launch_simulation -simset [get_filesets sim_ctrlr ]
source ctrlr_tb.tcl
close_sim
launch_simulation -simset [get_filesets sim_ctrlr ]
source ctrlr_tb.tcl
close_sim
launch_simulation -simset [get_filesets sim_ctrlr ]
source ctrlr_tb.tcl
close_sim
launch_simulation -simset [get_filesets sim_ctrlr ]
source ctrlr_tb.tcl
close_sim
launch_simulation -simset [get_filesets sim_ctrlr ]
source ctrlr_tb.tcl
close_sim
launch_simulation -simset [get_filesets sim_ctrlr ]
source ctrlr_tb.tcl
close_sim
launch_simulation -simset [get_filesets sim_ctrlr ]
source ctrlr_tb.tcl
close_sim
launch_simulation -simset [get_filesets sim_ctrlr ]
source ctrlr_tb.tcl
close_sim
launch_simulation -simset [get_filesets sim_ctrlr ]
source ctrlr_tb.tcl
close_sim
launch_simulation -simset [get_filesets sim_ctrlr ]
source ctrlr_tb.tcl
close_sim
launch_simulation -simset [get_filesets sim_ctrlr ]
source ctrlr_tb.tcl
close_sim
launch_simulation -simset [get_filesets sim_ctrlr ]
source ctrlr_tb.tcl
close_sim
launch_simulation -simset [get_filesets sim_ctrlr ]
source ctrlr_tb.tcl
close_sim
launch_simulation -simset [get_filesets sim_ctrlr ]
source ctrlr_tb.tcl
close_sim
launch_simulation -simset [get_filesets sim_ctrlr ]
source ctrlr_tb.tcl
close_sim
launch_simulation -simset [get_filesets sim_ctrlr ]
source ctrlr_tb.tcl
close_sim
launch_simulation -simset [get_filesets sim_ctrlr ]
source ctrlr_tb.tcl
close_sim
launch_simulation -simset [get_filesets sim_ctrlr ]
source ctrlr_tb.tcl
close_sim
launch_simulation -simset [get_filesets sim_ctrlr ]
source ctrlr_tb.tcl
close_sim
launch_simulation -simset [get_filesets sim_ctrlr ]
source ctrlr_tb.tcl
close_sim
launch_simulation -simset [get_filesets sim_ctrlr ]
source ctrlr_tb.tcl
close_sim
launch_simulation -simset [get_filesets sim_ctrlr ]
source ctrlr_tb.tcl
close_sim
launch_simulation -simset [get_filesets sim_ctrlr ]
source ctrlr_tb.tcl
current_fileset -simset [ get_filesets sim_spi ]
close_sim
